ets Jul 29 2019 12:21:46

rst:0x1 (POWERON_RESET),boot:0x13 (SPI_FAST_FLASH_BOOT)
configsip: 0, SPIWP:0xee
clk_drv:0x00,q_drv:0x00,d_drv:0x00,cs0_drv:0x00,hd_drv:0x00,wp_drv:0x00
mode:DIO, clock div:2
load:0x3fff0030,len:7176
load:0x40078000,len:15564
ho 0 tail 12 room 4
load:0x40080400,len:4
load:0x40080404,len:3904
entry 0x40080640
[0;32mI (31) boot: ESP-IDF v5.3.1 2nd stage bootloader[0m
[0;32mI (31) boot: compile time Sep 29 2024 16:48:36[0m
[0;32mI (31) boot: Multicore bootloader[0m
[0;32mI (35) boot: chip revision: v3.1[0m
[0;32mI (39) boot.esp32: SPI Speed      : 40MHz[0m
[0;32mI (44) boot.esp32: SPI Mode       : DIO[0m
[0;32mI (48) boot.esp32: SPI Flash Size : 2MB[0m
[0;32mI (53) boot: Enabling RNG early entropy source...[0m
[0;32mI (58) boot: Partition Table:[0m
[0;32mI (62) boot: ## Label            Usage          Type ST Offset   Length[0m
[0;32mI (69) boot:  0 nvs              WiFi data        01 02 00009000 00006000[0m
[0;32mI (77) boot:  1 phy_init         RF data          01 01 0000f000 00001000[0m
[0;32mI (84) boot:  2 factory          factory app      00 00 00010000 00100000[0m
[0;32mI (92) boot: End of partition table[0m
[0;32mI (96) esp_image: segment 0: paddr=00010020 vaddr=3f400020 size=219fch (137724) map[0m
[0;32mI (152) esp_image: segment 1: paddr=00031a24 vaddr=3ffb0000 size=03f18h ( 16152) load[0m
[0;32mI (158) esp_image: segment 2: paddr=00035944 vaddr=40080000 size=0a6d4h ( 42708) load[0m
[0;32mI (175) esp_image: segment 3: paddr=00040020 vaddr=400d0020 size=8be80h (573056) map[0m
[0;32mI (371) esp_image: segment 4: paddr=000cbea8 vaddr=4008a6d4 size=0cdf8h ( 52728) load[0m
[0;32mI (404) boot: Loaded app from partition at offset 0x10000[0m
[0;32mI (404) boot: Disabling RNG early entropy source...[0m
[0;32mI (416) cpu_start: Multicore app[0m
[0;32mI (424) cpu_start: Pro cpu start user code[0m
[0;32mI (424) cpu_start: cpu freq: 160000000 Hz[0m
[0;32mI (424) app_init: Application information:[0m
[0;32mI (427) app_init: Project name:     hello2[0m
[0;32mI (432) app_init: App version:      1[0m
[0;32mI (436) app_init: Compile time:     Sep 29 2024 17:09:19[0m
[0;32mI (442) app_init: ELF file SHA256:  534fccb7a...[0m
[0;32mI (448) app_init: ESP-IDF:          v5.3.1[0m
[0;32mI (452) efuse_init: Min chip rev:     v0.0[0m
[0;32mI (457) efuse_init: Max chip rev:     v3.99 [0m
[0;32mI (462) efuse_init: Chip rev:         v3.1[0m
[0;32mI (467) heap_init: Initializing. RAM available for dynamic allocation:[0m
[0;32mI (474) heap_init: At 3FFAE6E0 len 00001920 (6 KiB): DRAM[0m
[0;32mI (480) heap_init: At 3FFB8140 len 00027EC0 (159 KiB): DRAM[0m
[0;32mI (487) heap_init: At 3FFE0440 len 00003AE0 (14 KiB): D/IRAM[0m
[0;32mI (493) heap_init: At 3FFE4350 len 0001BCB0 (111 KiB): D/IRAM[0m
[0;32mI (499) heap_init: At 400974CC len 00008B34 (34 KiB): IRAM[0m
[0;32mI (507) spi_flash: detected chip: generic[0m
[0;32mI (510) spi_flash: flash io: dio[0m
[0;33mW (514) spi_flash: Detected size(4096k) larger than the size in the binary image header(2048k). Using the size in the binary image header.[0m
[0;32mI (528) main_task: Started on CPU0[0m
[0;32mI (538) main_task: Calling app_main()[0m
[0;32mI (578) wifi:wifi driver task: 3ffc0170, prio:23, stack:6656, core=0[0m
[0;32mI (588) wifi:wifi firmware version: ccaebfa[0m
[0;32mI (588) wifi:wifi certification version: v7.0[0m
[0;32mI (588) wifi:config NVS flash: enabled[0m
[0;32mI (588) wifi:config nano formating: disabled[0m
[0;32mI (598) wifi:Init data frame dynamic rx buffer num: 32[0m
[0;32mI (598) wifi:Init static rx mgmt buffer num: 5[0m
[0;32mI (608) wifi:Init management short buffer num: 32[0m
[0;32mI (608) wifi:Init dynamic tx buffer num: 32[0m
[0;32mI (618) wifi:Init static rx buffer size: 1600[0m
[0;32mI (618) wifi:Init static rx buffer num: 10[0m
[0;32mI (618) wifi:Init dynamic rx buffer num: 32[0m
[0;32mI (628) wifi_init: rx ba win: 6[0m
[0;32mI (628) wifi_init: accept mbox: 6[0m
[0;32mI (638) wifi_init: tcpip mbox: 32[0m
[0;32mI (638) wifi_init: udp mbox: 6[0m
[0;32mI (638) wifi_init: tcp mbox: 6[0m
[0;32mI (648) wifi_init: tcp tx win: 5760[0m
[0;32mI (648) wifi_init: tcp rx win: 5760[0m
[0;32mI (658) wifi_init: tcp mss: 1440[0m
[0;32mI (658) wifi_init: WiFi IRAM OP enabled[0m
[0;32mI (658) wifi_init: WiFi RX IRAM OP enabled[0m
[0;33mW (668) wifi:Password length matches WPA2 standards, authmode threshold changes from OPEN to WPA2[0m
[0;32mI (678) phy_init: phy_version 4830,54550f7,Jun 20 2024,14:22:08[0m
[0;32mI (768) wifi:mode : sta (a0:b7:65:1a:30:f8)[0m
[0;32mI (768) wifi:enable tsf[0m
WiFi connecting WIFI_EVENT_STA_START ... 
[0;32mI (778) wifi:new:<5,1>, old:<1,0>, ap:<255,255>, sta:<5,1>, prof:1, snd_ch_cfg:0x0[0m
[0;32mI (778) wifi:state: init -> auth (0xb0)[0m
[0;32mI (788) wifi:state: auth -> assoc (0x0)[0m
[0;32mI (788) main_task: Returned from app_main()[0m
[0;32mI (788) wifi:state: assoc -> run (0x10)[0m
[0;32mI (808) wifi:connected with Lina -4G, aid = 1, channel 5, 40U, bssid = b4:f9:49:6e:97:f5[0m
[0;32mI (808) wifi:security: WPA2-PSK, phy: bgn, rssi: -49[0m
[0;32mI (808) wifi:pm start, type: 1[0m

[0;32mI (808) wifi:dp: 1, bi: 102400, li: 3, scale listen interval from 307200 us to 307200 us[0m
WiFi connected WIFI_EVENT_STA_CONNECTED ... 
[0;32mI (838) wifi:AP's beacon interval = 102400 us, DTIM period = 1[0m
[0;32mI (848) wifi:<ba-add>idx:0 (ifx:0, b4:f9:49:6e:97:f5), tid:0, ssn:0, winSize:64[0m
[0;32mI (3318) esp_netif_handlers: sta ip: 192.168.1.36, mask: 255.255.255.0, gw: 192.168.1.1[0m
WiFi got IP ... 

GPIO 2 is ON
ï¿½ï¿½ï¿½ï¿½ï¿½ï¿½ï¿½ï¿½ï¿½ï¿½ï¿½ï¿½ï¿½ï¿½ï¿½ï¿½ï¿½ï¿½ï¿½ï¿½ï¿½ï¿½ï¿½ï¿½ï¿½ï¿½ï¿½ï¿½ï¿½ï¿½ï¿½ï¿½ï¿½ï¿½ï¿½ï¿½ï¿½ï¿½ï¿½ï¿½ï¿½ï¿½ï¿½ï¿½ï¿½ï¿½ï¿½ï¿½ï¿½ï¿½ï¿½ï¿½ï¿½ï¿½ï¿½ï¿½ï¿½ï¿½ï¿½ï¿½ï¿½ï¿½ï¿½ï¿½IO 2 is OFF
GPIO 2 is ON
GPIO 2 is OFF
GPIO 2 is ON
GPIO 2 is OFF
